border_size=1
usage=map

Gg          , Gg          , Rp          , Gg          , Gg          , Gg          , Gg          , Gg          , Gg          , Gg          , Gg          , Gg          , Gg          , Gg          , Gg          , Gg          , Gg          , Xu          , Xu          , Uu          , Uu          , Uu          , Re          , Re          , Uu          , Xu          , Xu          , Uu          , Uu          
Gg          , Gg          , Rp          , Gg          , Gg          , Gg          , Gg          , Gg          , Gg^Ve       , Gg          , Gg          , Gg          , Gg          , Gg          , Gg          , Gg          , Gg          , Gg          , Gg          , Xu          , Xu          , Uu          , Uu          , Re          , Xu          , Uu          , Uu          , Uu          , Re          
Gg          , Gg          , Gg          , Rp          , Gg          , Gg          , Gg          , Gg          , Gg          , Gg          , Gg          , Gg          , Gg          , Gg          , Gg          , Gg          , Ch          , 2 Kh        , Ch          , Gg          , Uu          , Xu          , Xu          , Xu          , Uu          , Uu          , Xu          , Re          , Xu          
Gg          , Gg          , Gg          , Rp          , Gg          , Gg          , Gg          , Gg          , Gg          , Gg          , Gg          , Gg          , Gg          , Gg          , Gs^Fp       , Gg          , Gg          , Ch          , Gg          , Gg          , Xu          , Uu          , Uu          , Uu          , Xu          , Uu          , Uu          , Xu          , Gg          
Gg          , Gg          , Gg          , Rp          , Rp          , Gg          , Gg          , Gg          , Gg          , Gg          , Gs^Fp       , Gg          , Gs^Fp       , Gs^Fp       , Gs^Fp       , Gs^Fp       , Gg          , Gg          , Gg          , Gg          , Gg          , Xu          , Xu          , Xu          , Xu          , Xu          , Gg          , Gg          , Gg          
Gg          , Gg          , Gg          , Gg          , Rp          , Gg          , Gg          , Gs^Fp       , Gg          , Gs^Fp       , Gs^Fp       , Gg          , Gg          , Gg          , Gs^Fp       , Gg          , Gg          , Gg          , Gs^Fp       , Gg          , Gg          , Gg          , Gg          , Gg          , Gg          , Xu          , Gg          , Gg          , Gg          
Gg          , Gg          , Gg          , Gg          , Gg          , Rp          , Rp          , Gs^Fp       , Gs^Fp       , Gg          , Gs^Fp       , Gg          , Gg          , Gs^Fp       , Gg          , Gg          , Gg          , Gs^Fp       , Hh          , Gg          , Gg          , Gg^Ve       , Gg          , Gg          , Gg          , Gg          , Gg          , Gg          , Ww          
Gg          , Gg          , Ww          , Ww          , Ww          , Gg          , Gg          , Rp          , Rp          , Gs^Fp       , Gg          , Gg          , Gg          , Gs^Fp       , Gg          , Gg          , Gg          , Gg          , Hh          , Mm          , Mm          , Mm          , Hh          , Gg          , Ww          , Ww          , Ww          , Ww          , Gg          
Ww          , Ww          , Gg          , Gg          , Gg          , Ww          , Ww          , Gg          , Rp          , Gs^Fp       , Gg          , Gg          , Gg          , Gg          , Gs^Fp       , Gg          , Gg          , Gg          , Gs^Fp       , Mm          , Gs^Fp       , Mm          , Hh          , Ww          , Gg          , Gs^Fp       , Gs^Fp       , Gg          , Gg          
Gg          , Gg          , Gg          , Gg          , Gg          , Gg          , Rp          , Ww^Bw/      , Ww          , Gs^Fp       , Ww          , Gs^Fp       , Ww          , Gg          , Ww          , Gs^Fp       , Ww^Bw|      , Gg          , Gg          , Gg          , Gg          , Hh          , Gg          , Ww          , Gs^Fp       , Gg          , Gg          , Gs^Fp       , Gg          
Rp          , Rp          , Rp          , Gg          , Rp          , Rp          , Gg          , Gg          , Gg          , Ww          , Hh          , Ww          , Hh          , Ww          , Gs^Fp       , Ww          , Gg          , Ww          , Ww          , Gs^Fp       , Ww          , Gs^Fp       , Ww^Bw|      , Ww          , Gs^Fp       , Gs^Fp       , Gg          , Gs^Fp       , Gs^Fp       
Gg          , Gg          , Gg          , Rp          , Rp          , Gs^Fp       , Gg          , Gg^Ve       , Hh          , Hh          , Hh          , Hh          , Mm          , Hh          , Gg          , Ww^Bw/      , Ss          , Ss          , Ss          , Ww          , Ss          , Ww          , Gg          , Gg          , Gg          , Gs^Fp       , Gg          , Gs^Fp       , Gg          
Gg          , Gg          , Gg          , Gs^Fp       , Gs^Fp       , Rp          , Rp          , Gg          , Gs^Fp       , Hh          , Mm          , Mm          , Hh          , Mm          , Gg          , Ww          , Ww          , Ss          , Ss          , Ss          , Ww          , Ww          , Ww          , Gg          , Ww          , Gg          , Gg          , Gs^Fp       , Gg          
Gg          , Gg          , Gg          , Gs^Fp       , Gs^Fp       , Gg          , Gg          , Rp          , Rp          , Hh          , Hh          , Mm          , Hh          , Gg          , Gg          , Gg          , Ss          , Ww          , Ww          , Ww          , Ww          , Ww          , Ww          , Ww          , Ww          , Gg          , Gg          , Gg          , Gg          
Gg          , Gg          , Gg          , Gs^Fp       , Gg          , Gs^Fp       , Gg          , Gg          , Gg          , Rp          , Rp          , Hh          , Gg          , Gg          , Gs^Fp       , Gs^Fp       , Gg          , Ss          , Ww          , Ww          , Ww          , Ww          , Ww          , Ww          , Gs^Fp       , Gg          , Gs^Fp       , Gg          , Gg          
Gg          , Gg          , Gg          , Gg          , Re^Gvs      , Re^Gvs      , Re^Gvs      , Gs^Fp       , Gs^Fp       , Gg          , Gg          , Rp          , Rp          , Gg          , Gg          , Gg          , Gs^Fp       , Ww          , Ww          , Ww          , Ww          , Ww          , Gg          , Gs^Fp       , Gg          , Gs^Fp       , Gs^Fp       , Gg          , Gg          
Gg          , Gg          , Re^Gvs      , Re^Gvs      , Re^Gvs      , Re^Gvs      , Re^Gvs      , Re^Gvs      , Gg          , Gg          , Gg          , Gs^Fp       , Rp          , Gg          , Gs^Fp       , Gs^Fp       , Gs^Fp       , Gg          , Gg          , Ww          , Gg          , Gg          , Gg          , Gg          , Gg          , Gs^Fp       , Gs^Fp       , Gg          , Re^Gvs      
Re^Gvs      , Re^Gvs      , Re^Gvs      , Re^Gvs      , Re^Gvs      , Re^Gvs      , Re^Gvs      , Re^Gvs      , Gg          , Gg^Ve       , Gg          , Gg          , Rp          , Gg          , Gg          , Gs^Fp       , Gg          , Gg          , Gg          , Gg          , Gg          , Gg          , Gg          , Gg          , Gs^Fp       , Gs^Fp       , Re^Gvs      , Re^Gvs      , Re^Gvs      
Re^Gvs      , Re^Gvs      , Re^Gvs      , Re^Gvs      , Re^Gvs      , Re^Gvs      , Gg          , Gg          , Gs^Fp       , Gs^Fp       , Gs^Fp       , Rp          , Gg          , Gg          , Gs^Fp       , Gs^Fp       , Gg          , Gg          , Gs^Fp       , Gg          , Gs^Fp       , Gs^Fp       , Gs^Fp       , Gs^Fp       , Re^Gvs      , Re^Gvs      , Re^Gvs      , Re^Gvs      , Re^Gvs      
Re^Gvs      , Re^Gvs      , Re^Gvs      , Re^Gvs      , Gg^Wm       , Gg          , Gg          , Gs^Fp       , Gs^Fp       , Gs^Fp       , Gg          , Rp          , Gg          , Gg          , Gg          , Gg          , Gs^Fp       , Gg          , Gg          , Gs^Fp       , Gg          , Gg          , Re^Gvs      , Re^Gvs      , Re^Gvs      , Re^Gvs      , Re^Gvs      , Re^Gvs      , Re^Gvs      
Re^Gvs      , Re^Gvs      , Gs^Fp       , Gg          , Gs^Fp       , Gg          , Gg          , Gg          , Gg          , Gg          , Gg          , Rp          , Gg          , Gg^Ve       , Gg          , Gg          , Gg          , Gg          , Gg^Ve       , Gg          , Gg          , Gg          , Gg          , Re^Gvs      , Re^Gvs      , Re^Gvs      , Re^Gvs      , Re^Gvs      , Re^Gvs      
Gg          , Gs^Fp       , Gs^Fp       , Gs^Fp       , Gg          , Gg          , Ch          , Ch          , Ch          , Gg          , Gg          , Rp          , Gg          , Gg          , Gs^Fp       , Gs^Fp       , Gg          , Gg          , Re^Gvs      , Re^Gvs      , Re^Gvs      , Gg          , Gg          , Gg          , Gg          , Re^Gvs      , Re^Gvs      , Re^Gvs      , Gg          
Gg          , Gg          , Gg          , Gg          , Gg          , Gg          , Ch          , 1 Kh        , Ch          , Gg          , Gg          , Rp          , Rp          , Gg          , Gg          , Gg          , Re^Gvs      , Re^Gvs      , Re^Gvs      , Re^Gvs      , Re^Gvs      , Re^Gvs      , Re^Gvs      , Gg          , Gg          , Gg          , Gg^Wm       , Gg          , Gg          
Gg          , Gg          , Gg          , Gg          , Gg          , Gg          , Gg          , Ch          , Gg          , Gg          , Gg          , Gg          , Rp          , Gg          , Re^Gvs      , Re^Gvs      , Re^Gvs      , Re^Gvs      , Re^Gvs      , Re^Gvs      , Re^Gvs      , Re^Gvs      , Re^Gvs      , Re^Gvs      , Gg          , Gg          , Gg          , Gg          , Gg          
Gg          , Gg          , Gg          , Gg          , Gg          , Gg          , Gg          , Gg          , Gg          , Gg          , Gg          , Gg          , Rp          , Re^Gvs      , Re^Gvs      , Re^Gvs      , Re^Gvs      , Re^Gvs      , Re^Gvs      , Re^Gvs      , Re^Gvs      , Re^Gvs      , Gg          , Gg          , Gg          , Gg          , Gg          , Gg          , Gg          
